[INFO] Scanning for projects...
[INFO] 
[INFO] ------------------------< org.example:picloud >-------------------------
[INFO] Building picloud 0.0.1-SNAPSHOT
[INFO]   from pom.xml
[INFO] --------------------------------[ jar ]---------------------------------
[INFO] 
[INFO] --- clean:3.3.2:clean (default-clean) @ picloud ---
[INFO] Deleting C:\Users\jawhe\Desktop\Backend-Rawabet\target
[INFO] 
[INFO] --- resources:3.3.1:resources (default-resources) @ picloud ---
[INFO] Copying 1 resource from src\main\resources to target\classes
[INFO] Copying 0 resource from src\main\resources to target\classes
[INFO] 
[INFO] --- compiler:3.11.0:compile (default-compile) @ picloud ---
[INFO] Changes detected - recompiling the module! :source
[INFO] Compiling 284 source files with javac [debug release 17] to target\classes
[INFO] -------------------------------------------------------------
[ERROR] COMPILATION ERROR : 
[INFO] -------------------------------------------------------------
[ERROR] /C:/Users/jawhe/Desktop/Backend-Rawabet/src/main/java/org/example/rawabet/controllers/ReservationEvenementController.java:[156,2] class, interface, enum, or record expected
[INFO] 1 error
[INFO] -------------------------------------------------------------
[INFO] ------------------------------------------------------------------------
[INFO] BUILD FAILURE
[INFO] ------------------------------------------------------------------------
[INFO] Total time:  1.482 s
[INFO] Finished at: 2026-04-28T15:08:33+01:00
[INFO] ------------------------------------------------------------------------
[ERROR] Failed to execute goal org.apache.maven.plugins:maven-compiler-plugin:3.11.0:compile (default-compile) on project picloud: Compilation failure
[ERROR] /C:/Users/jawhe/Desktop/Backend-Rawabet/src/main/java/org/example/rawabet/controllers/ReservationEvenementController.java:[156,2] class, interface, enum, or record expected
[ERROR] 
[ERROR] -> [Help 1]
[ERROR] 
[ERROR] To see the full stack trace of the errors, re-run Maven with the -e switch.
[ERROR] Re-run Maven using the -X switch to enable full debug logging.
[ERROR] 
[ERROR] For more information about the errors and possible solutions, please read the following articles:
[ERROR] [Help 1] http://cwiki.apache.org/confluence/display/MAVEN/MojoFailureException
